{
  "gate_passed": true,
  "summary": {
    "sources": 8,
    "built": 8,
    "published": 8,
    "active": 8,
    "build_id_match_i44": true,
    "unit_chunk_match_i44": true,
    "counts_after_first_run_match_prod": true,
    "replay_source_reused": true,
    "replay_content_identical": true,
    "replay_publish_no_advance": true,
    "replay_build_id_stable": [
      "工业富联_投委会决策报告_20260829.md"
    ],
    "replay_build_id_churned": [
      "2026-08-16_2026.08.16-华创证券-欧阳予-田晨曦-张慧-公司研究-业绩点评-贵州茅台-600519-报表实质扎实-经营底部已过-贵州茅台-600519-2026年中报点评-e034bdac.pdf",
      "2026-09-06_2026.09.06-国信证券-光力科技-300480-2026年中报点评-半导体划片机国内龙头-经营拐点向上-b6beb6ee.pdf",
      "2026-08-13_2026.08.13-长江证券-国内研报-长江证券-化工专题-景气投资-十问十答-7463f4d0.pdf",
      "2026-09-06_2026.09.06-华福证券-华福证券-基础化工行业新材料周报-英伟达带火-新材料-电子特气涨幅超240-aa8e026a.pdf",
      "2026-09-06_2026.09.06-华创证券-宏观专题-从分化到收敛-可能的路径与挑战-投石问-k-系列八-81e10069.pdf",
      "2026-09-06_2026.09.06-光大证券-2026年8月美国非农数据点评-强非农降低了年内加息的门槛-6fc25e24.pdf",
      "9月8日 光模块技术演进与供应链重构：从1.6T到3.2T的路径、格局.docx"
    ],
    "rebuild_plan_replay_all_reuse": true
  }
}
sha256: f5ee84fb5a68cd3a …
