apodex.dump: OK
apodex.toc.txt: OK
cleanup-list/i0c-cleanup-list-db_delete.csv: OK
cleanup-list/i0c-cleanup-list-disk_delete.csv: OK
cleanup-list/i0c-cleanup-list.json: OK
globals.sql: OK
ledgers/_counts.json: OK
ledgers/chinese_docs.csv: OK
ledgers/chinese_docs.jsonl: OK
ledgers/claim_block_runs.csv: OK
ledgers/claim_block_runs.jsonl: OK
ledgers/claims.csv: OK
ledgers/claims.jsonl: OK
ledgers/corpus_evidence_runs.csv: OK
ledgers/corpus_evidence_runs.jsonl: OK
ledgers/docs.csv: OK
ledgers/docs.jsonl: OK
ledgers/ingest_failures.csv: OK
ledgers/ingest_failures.jsonl: OK
ledgers/ingest_runs.csv: OK
ledgers/ingest_runs.jsonl: OK
notes.json: OK
originals-corpus.tar.gz: OK
postgres.dump: OK
postgres.toc.txt: OK
