127.0.0.1 - - [30/Sep/2026 16:56:42] "GET /v1/models HTTP/1.1" 200 -
----------------------------------------
Exception occurred during processing of request from ('127.0.0.1', 49761)
Traceback (most recent call last):
  File "C:\Users\Administrator\AppData\Roaming\uv\python\cpython-3.12-windows-x86_64-none\Lib\socketserver.py", line 697, in process_request_thread
    self.finish_request(request, client_address)
  File "C:\Users\Administrator\AppData\Roaming\uv\python\cpython-3.12-windows-x86_64-none\Lib\socketserver.py", line 362, in finish_request
    self.RequestHandlerClass(request, client_address, self)
  File "C:\Users\Administrator\AppData\Roaming\uv\python\cpython-3.12-windows-x86_64-none\Lib\socketserver.py", line 766, in __init__
    self.handle()
  File "C:\Users\Administrator\AppData\Roaming\uv\python\cpython-3.12-windows-x86_64-none\Lib\http\server.py", line 442, in handle
    self.handle_one_request()
  File "C:\Users\Administrator\AppData\Roaming\uv\python\cpython-3.12-windows-x86_64-none\Lib\http\server.py", line 408, in handle_one_request
    self.raw_requestline = self.rfile.readline(65537)
                           ^^^^^^^^^^^^^^^^^^^^^^^^^^
  File "C:\Users\Administrator\AppData\Roaming\uv\python\cpython-3.12-windows-x86_64-none\Lib\socket.py", line 720, in readinto
    return self._sock.recv_into(b)
           ^^^^^^^^^^^^^^^^^^^^^^^
ConnectionResetError: [WinError 10054] 远程主机强迫关闭了一个现有的连接。
----------------------------------------
127.0.0.1 - - [30/Sep/2026 17:13:38] "GET /v1/models HTTP/1.1" 200 -
----------------------------------------
Exception occurred during processing of request from ('127.0.0.1', 61970)
Traceback (most recent call last):
  File "C:\Users\Administrator\AppData\Roaming\uv\python\cpython-3.12-windows-x86_64-none\Lib\socketserver.py", line 697, in process_request_thread
    self.finish_request(request, client_address)
  File "C:\Users\Administrator\AppData\Roaming\uv\python\cpython-3.12-windows-x86_64-none\Lib\socketserver.py", line 362, in finish_request
    self.RequestHandlerClass(request, client_address, self)
  File "C:\Users\Administrator\AppData\Roaming\uv\python\cpython-3.12-windows-x86_64-none\Lib\socketserver.py", line 766, in __init__
    self.handle()
  File "C:\Users\Administrator\AppData\Roaming\uv\python\cpython-3.12-windows-x86_64-none\Lib\http\server.py", line 442, in handle
    self.handle_one_request()
  File "C:\Users\Administrator\AppData\Roaming\uv\python\cpython-3.12-windows-x86_64-none\Lib\http\server.py", line 408, in handle_one_request
    self.raw_requestline = self.rfile.readline(65537)
                           ^^^^^^^^^^^^^^^^^^^^^^^^^^
  File "C:\Users\Administrator\AppData\Roaming\uv\python\cpython-3.12-windows-x86_64-none\Lib\socket.py", line 720, in readinto
    return self._sock.recv_into(b)
           ^^^^^^^^^^^^^^^^^^^^^^^
ConnectionResetError: [WinError 10054] 远程主机强迫关闭了一个现有的连接。
----------------------------------------
127.0.0.1 - - [30/Sep/2026 17:16:13] "POST /v1/chat/completions?x-upstream-session-id=a2f9d950-fc4e-4db1-aaf5-4cd0827fe33f HTTP/1.1" 200 -
127.0.0.1 - - [30/Sep/2026 17:22:10] "POST /v1/chat/completions?x-upstream-session-id=a2f9d950-fc4e-4db1-aaf5-4cd0827fe33f HTTP/1.1" 200 -
