{"query_id": "company-001", "negative": false, "raw_ok": true, "raw_hits": 0, "or_hits": 20, "band_documents": 5}
{"query_id": "company-002", "negative": false, "raw_ok": true, "raw_hits": 0, "or_hits": 20, "band_documents": 5}
{"query_id": "company-003", "negative": false, "raw_ok": true, "raw_hits": 0, "or_hits": 20, "band_documents": 5}
{"query_id": "company-004", "negative": false, "raw_ok": true, "raw_hits": 0, "or_hits": 20, "band_documents": 5}
{"query_id": "company-005", "negative": false, "raw_ok": true, "raw_hits": 0, "or_hits": 20, "band_documents": 5}
{"query_id": "company-006", "negative": false, "raw_ok": true, "raw_hits": 0, "or_hits": 20, "band_documents": 5}
{"query_id": "company-007", "negative": false, "raw_ok": true, "raw_hits": 0, "or_hits": 20, "band_documents": 5}
{"query_id": "company-008", "negative": false, "raw_ok": true, "raw_hits": 0, "or_hits": 20, "band_documents": 5}
{"query_id": "company-009", "negative": true, "raw_ok": true, "raw_hits": 0, "or_hits": 20, "band_documents": 5}
{"query_id": "company-010", "negative": true, "raw_ok": true, "raw_hits": 0, "or_hits": 20, "band_documents": 5}
{"query_id": "industry-001", "negative": false, "raw_ok": true, "raw_hits": 0, "or_hits": 20, "band_documents": 5}
{"query_id": "industry-002", "negative": false, "raw_ok": true, "raw_hits": 0, "or_hits": 20, "band_documents": 5}
{"query_id": "industry-003", "negative": false, "raw_ok": true, "raw_hits": 0, "or_hits": 20, "band_documents": 5}
{"query_id": "industry-004", "negative": false, "raw_ok": true, "raw_hits": 0, "or_hits": 20, "band_documents": 5}
{"query_id": "industry-005", "negative": false, "raw_ok": true, "raw_hits": 0, "or_hits": 20, "band_documents": 5}
{"query_id": "industry-006", "negative": false, "raw_ok": true, "raw_hits": 0, "or_hits": 20, "band_documents": 5}
{"query_id": "industry-007", "negative": false, "raw_ok": true, "raw_hits": 0, "or_hits": 20, "band_documents": 5}
{"query_id": "industry-008", "negative": false, "raw_ok": true, "raw_hits": 0, "or_hits": 20, "band_documents": 5}
{"query_id": "industry-009", "negative": true, "raw_ok": true, "raw_hits": 0, "or_hits": 20, "band_documents": 5}
{"query_id": "industry-010", "negative": true, "raw_ok": true, "raw_hits": 0, "or_hits": 20, "band_documents": 5}
{"query_id": "macro-001", "negative": false, "raw_ok": true, "raw_hits": 0, "or_hits": 20, "band_documents": 5}
{"query_id": "macro-002", "negative": false, "raw_ok": true, "raw_hits": 0, "or_hits": 20, "band_documents": 5}
{"query_id": "macro-003", "negative": false, "raw_ok": true, "raw_hits": 0, "or_hits": 20, "band_documents": 5}
{"query_id": "macro-004", "negative": false, "raw_ok": true, "raw_hits": 0, "or_hits": 20, "band_documents": 5}
{"query_id": "macro-005", "negative": false, "raw_ok": true, "raw_hits": 0, "or_hits": 20, "band_documents": 5}
{"query_id": "macro-006", "negative": false, "raw_ok": true, "raw_hits": 0, "or_hits": 20, "band_documents": 5}
{"query_id": "macro-007", "negative": false, "raw_ok": true, "raw_hits": 0, "or_hits": 20, "band_documents": 5}
{"query_id": "macro-008", "negative": false, "raw_ok": true, "raw_hits": 0, "or_hits": 20, "band_documents": 5}
{"query_id": "macro-009", "negative": true, "raw_ok": true, "raw_hits": 0, "or_hits": 20, "band_documents": 5}
{"query_id": "macro-010", "negative": true, "raw_ok": true, "raw_hits": 0, "or_hits": 20, "band_documents": 5}
DIFFERING CHUNKS 89
